2026-09-30 01:00:51 | [INFO   ] | Логгер успешно сконфигурирован
2026-09-30 01:00:51 | [INFO   ] | Приложение запущено
2026-09-30 01:00:51 | [INFO   ] | Программа запущена
2026-09-30 01:00:54 | [INFO   ] | Получен запрос: a=5, b=5, c=5
2026-09-30 01:00:54 | [DEBUG  ] | Преобразованные значения: a=5.0, b=5.0, c=5.0
2026-09-30 01:00:54 | [INFO   ] | Тип треугольника: равносторонний
2026-09-30 01:00:54 | [INFO   ] | Координаты вершин: [(0, 0), (5, 0), (2, 4)]
2026-09-30 01:00:54 | [INFO   ] | Запрос успешно обработан: тип=равносторонний, координаты=[(0, 0), (5, 0), (2, 4)]
2026-09-30 01:08:22 | [INFO   ] | Логгер успешно сконфигурирован
2026-09-30 01:08:22 | [INFO   ] | Приложение запущено
2026-09-30 01:08:22 | [INFO   ] | Получен запрос: a=3.5, b=4.5, c=5.5
2026-09-30 01:08:22 | [DEBUG  ] | Преобразованные значения: a=3.5, b=4.5, c=5.5
2026-09-30 01:08:22 | [INFO   ] | Тип треугольника: разносторонний
2026-09-30 01:08:22 | [INFO   ] | Координаты вершин: [(0, 0), (6, 0), (3, 3)]
2026-09-30 01:08:22 | [INFO   ] | Получен запрос: a=0.1, b=0.1, c=0.1
2026-09-30 01:08:22 | [DEBUG  ] | Преобразованные значения: a=0.1, b=0.1, c=0.1
2026-09-30 01:08:22 | [INFO   ] | Тип треугольника: равносторонний
2026-09-30 01:08:22 | [INFO   ] | Координаты вершин: [(0, 0), (0, 0), (0, 0)]
2026-09-30 01:08:22 | [INFO   ] | Получен запрос: a=3, b=4, c=5
2026-09-30 01:08:22 | [DEBUG  ] | Преобразованные значения: a=3.0, b=4.0, c=5.0
2026-09-30 01:08:22 | [INFO   ] | Тип треугольника: разносторонний
2026-09-30 01:08:22 | [INFO   ] | Координаты вершин: [(0, 0), (5, 0), (3, 2)]
2026-09-30 01:08:22 | [INFO   ] | Получен запрос: a=6, b=5, c=6
2026-09-30 01:08:22 | [DEBUG  ] | Преобразованные значения: a=6.0, b=5.0, c=6.0
2026-09-30 01:08:22 | [INFO   ] | Тип треугольника: равнобедренный
2026-09-30 01:08:22 | [INFO   ] | Координаты вершин: [(0, 0), (6, 0), (2, 5)]
2026-09-30 01:08:22 | [INFO   ] | Получен запрос: a=3, b=4, c=5
2026-09-30 01:08:22 | [DEBUG  ] | Преобразованные значения: a=3.0, b=4.0, c=5.0
2026-09-30 01:08:22 | [INFO   ] | Тип треугольника: разносторонний
2026-09-30 01:08:22 | [INFO   ] | Координаты вершин: [(0, 0), (5, 0), (3, 2)]
2026-09-30 01:08:22 | [INFO   ] | Получен запрос: a=5, b=5, c=5
2026-09-30 01:08:22 | [DEBUG  ] | Преобразованные значения: a=5.0, b=5.0, c=5.0
2026-09-30 01:08:22 | [INFO   ] | Тип треугольника: равносторонний
2026-09-30 01:08:22 | [INFO   ] | Координаты вершин: [(0, 0), (5, 0), (2, 4)]
2026-09-30 01:08:22 | [INFO   ] | Получен запрос: a=-3, b=4, c=5
2026-09-30 01:08:22 | [DEBUG  ] | Преобразованные значения: a=-3.0, b=4.0, c=5.0
2026-09-30 01:08:22 | [ERROR  ] | Длины сторон должны быть положительными
2026-09-30 01:08:22 | [INFO   ] | Получен запрос: a=0, b=4, c=5
2026-09-30 01:08:22 | [DEBUG  ] | Преобразованные значения: a=0.0, b=4.0, c=5.0
2026-09-30 01:08:22 | [ERROR  ] | Длины сторон должны быть положительными
2026-09-30 01:08:22 | [INFO   ] | Получен запрос: a=3, b=4, c=5
2026-09-30 01:08:22 | [DEBUG  ] | Преобразованные значения: a=3.0, b=4.0, c=5.0
2026-09-30 01:08:22 | [INFO   ] | Тип треугольника: разносторонний
2026-09-30 01:08:22 | [INFO   ] | Координаты вершин: [(0, 0), (5, 0), (3, 2)]
2026-09-30 01:08:22 | [INFO   ] | Получен запрос: a=, b=4, c=5
2026-09-30 01:08:22 | [ERROR  ] | Входные данные не являются числами
2026-09-30 01:08:22 | [INFO   ] | Получен запрос: a=abc, b=4, c=5
2026-09-30 01:08:22 | [ERROR  ] | Входные данные не являются числами
2026-09-30 01:08:22 | [INFO   ] | Получен запрос: a=3, b=abc, c=5
2026-09-30 01:08:22 | [ERROR  ] | Входные данные не являются числами
2026-09-30 01:08:22 | [INFO   ] | Получен запрос: a=3, b=4, c=abc
2026-09-30 01:08:22 | [ERROR  ] | Входные данные не являются числами
2026-09-30 01:08:22 | [INFO   ] | Получен запрос: a=5, b=5, c=6
2026-09-30 01:08:22 | [DEBUG  ] | Преобразованные значения: a=5.0, b=5.0, c=6.0
2026-09-30 01:08:22 | [INFO   ] | Тип треугольника: равнобедренный
2026-09-30 01:08:22 | [INFO   ] | Координаты вершин: [(0, 0), (6, 0), (3, 4)]
2026-09-30 01:08:22 | [INFO   ] | Получен запрос: a=1, b=2, c=5
2026-09-30 01:08:22 | [DEBUG  ] | Преобразованные значения: a=1.0, b=2.0, c=5.0
2026-09-30 01:08:22 | [WARNING] | Треугольник с такими сторонами не существует
2026-09-30 01:08:22 | [INFO   ] | Получен запрос: a=3, b=4, c=7
2026-09-30 01:08:22 | [DEBUG  ] | Преобразованные значения: a=3.0, b=4.0, c=7.0
2026-09-30 01:08:22 | [WARNING] | Треугольник с такими сторонами не существует
2026-09-30 01:08:22 | [INFO   ] | Получен запрос: a=3, b=4, c=5
2026-09-30 01:08:22 | [DEBUG  ] | Преобразованные значения: a=3.0, b=4.0, c=5.0
2026-09-30 01:08:22 | [INFO   ] | Тип треугольника: разносторонний
2026-09-30 01:08:22 | [INFO   ] | Координаты вершин: [(0, 0), (5, 0), (3, 2)]
2026-09-30 01:08:22 | [INFO   ] | Получен запрос: a=6, b=7, c=8
2026-09-30 01:08:22 | [DEBUG  ] | Преобразованные значения: a=6.0, b=7.0, c=8.0
2026-09-30 01:08:22 | [INFO   ] | Тип треугольника: разносторонний
2026-09-30 01:08:22 | [INFO   ] | Координаты вершин: [(0, 0), (8, 0), (5, 5)]
2026-09-30 01:08:22 | [INFO   ] | Получен запрос: a=300, b=400, c=500
2026-09-30 01:08:22 | [DEBUG  ] | Преобразованные значения: a=300.0, b=400.0, c=500.0
2026-09-30 01:08:22 | [INFO   ] | Тип треугольника: разносторонний
2026-09-30 01:08:22 | [INFO   ] | Координаты вершин: [(0, 0), (100, 0), (64, 48)]
2026-09-30 01:08:22 | [INFO   ] | Получен запрос: a=3, b=4, c=5
2026-09-30 01:08:22 | [DEBUG  ] | Преобразованные значения: a=3.0, b=4.0, c=5.0
2026-09-30 01:08:22 | [INFO   ] | Тип треугольника: разносторонний
2026-09-30 01:08:22 | [INFO   ] | Координаты вершин: [(0, 0), (5, 0), (3, 2)]
2026-09-30 01:09:26 | [INFO   ] | Логгер успешно сконфигурирован
2026-09-30 01:09:26 | [INFO   ] | Приложение запущено
2026-09-30 01:09:26 | [INFO   ] | Получен запрос: a=3.5, b=4.5, c=5.5
2026-09-30 01:09:26 | [DEBUG  ] | Преобразованные значения: a=3.5, b=4.5, c=5.5
2026-09-30 01:09:26 | [INFO   ] | Тип треугольника: разносторонний
2026-09-30 01:09:26 | [INFO   ] | Координаты вершин: [(0, 0), (6, 0), (3, 3)]
2026-09-30 01:09:26 | [INFO   ] | Получен запрос: a=0.1, b=0.1, c=0.1
2026-09-30 01:09:26 | [DEBUG  ] | Преобразованные значения: a=0.1, b=0.1, c=0.1
2026-09-30 01:09:26 | [INFO   ] | Тип треугольника: равносторонний
2026-09-30 01:09:26 | [INFO   ] | Координаты вершин: [(0, 0), (0, 0), (0, 0)]
2026-09-30 01:09:26 | [INFO   ] | Получен запрос: a=3, b=4, c=5
2026-09-30 01:09:26 | [DEBUG  ] | Преобразованные значения: a=3.0, b=4.0, c=5.0
2026-09-30 01:09:26 | [INFO   ] | Тип треугольника: разносторонний
2026-09-30 01:09:26 | [INFO   ] | Координаты вершин: [(0, 0), (5, 0), (3, 2)]
2026-09-30 01:09:26 | [INFO   ] | Получен запрос: a=6, b=5, c=6
2026-09-30 01:09:26 | [DEBUG  ] | Преобразованные значения: a=6.0, b=5.0, c=6.0
2026-09-30 01:09:26 | [INFO   ] | Тип треугольника: равнобедренный
2026-09-30 01:09:26 | [INFO   ] | Координаты вершин: [(0, 0), (6, 0), (2, 5)]
2026-09-30 01:09:26 | [INFO   ] | Получен запрос: a=3, b=4, c=5
2026-09-30 01:09:26 | [DEBUG  ] | Преобразованные значения: a=3.0, b=4.0, c=5.0
2026-09-30 01:09:26 | [INFO   ] | Тип треугольника: разносторонний
2026-09-30 01:09:26 | [INFO   ] | Координаты вершин: [(0, 0), (5, 0), (3, 2)]
2026-09-30 01:09:26 | [INFO   ] | Получен запрос: a=5, b=5, c=5
2026-09-30 01:09:26 | [DEBUG  ] | Преобразованные значения: a=5.0, b=5.0, c=5.0
2026-09-30 01:09:26 | [INFO   ] | Тип треугольника: равносторонний
2026-09-30 01:09:26 | [INFO   ] | Координаты вершин: [(0, 0), (5, 0), (2, 4)]
2026-09-30 01:09:26 | [INFO   ] | Получен запрос: a=-3, b=4, c=5
2026-09-30 01:09:26 | [DEBUG  ] | Преобразованные значения: a=-3.0, b=4.0, c=5.0
2026-09-30 01:09:26 | [ERROR  ] | Длины сторон должны быть положительными
2026-09-30 01:09:26 | [INFO   ] | Получен запрос: a=0, b=4, c=5
2026-09-30 01:09:26 | [DEBUG  ] | Преобразованные значения: a=0.0, b=4.0, c=5.0
2026-09-30 01:09:26 | [ERROR  ] | Длины сторон должны быть положительными
2026-09-30 01:09:26 | [INFO   ] | Получен запрос: a=3, b=4, c=5
2026-09-30 01:09:26 | [DEBUG  ] | Преобразованные значения: a=3.0, b=4.0, c=5.0
2026-09-30 01:09:26 | [INFO   ] | Тип треугольника: разносторонний
2026-09-30 01:09:26 | [INFO   ] | Координаты вершин: [(0, 0), (5, 0), (3, 2)]
2026-09-30 01:09:26 | [INFO   ] | Получен запрос: a=, b=4, c=5
2026-09-30 01:09:26 | [ERROR  ] | Входные данные не являются числами
2026-09-30 01:09:26 | [INFO   ] | Получен запрос: a=abc, b=4, c=5
2026-09-30 01:09:26 | [ERROR  ] | Входные данные не являются числами
2026-09-30 01:09:26 | [INFO   ] | Получен запрос: a=3, b=abc, c=5
2026-09-30 01:09:26 | [ERROR  ] | Входные данные не являются числами
2026-09-30 01:09:26 | [INFO   ] | Получен запрос: a=3, b=4, c=abc
2026-09-30 01:09:26 | [ERROR  ] | Входные данные не являются числами
2026-09-30 01:09:26 | [INFO   ] | Получен запрос: a=5, b=5, c=6
2026-09-30 01:09:26 | [DEBUG  ] | Преобразованные значения: a=5.0, b=5.0, c=6.0
2026-09-30 01:09:26 | [INFO   ] | Тип треугольника: равнобедренный
2026-09-30 01:09:26 | [INFO   ] | Координаты вершин: [(0, 0), (6, 0), (3, 4)]
2026-09-30 01:09:26 | [INFO   ] | Получен запрос: a=1, b=2, c=5
2026-09-30 01:09:26 | [DEBUG  ] | Преобразованные значения: a=1.0, b=2.0, c=5.0
2026-09-30 01:09:26 | [WARNING] | Треугольник с такими сторонами не существует
2026-09-30 01:09:26 | [INFO   ] | Получен запрос: a=3, b=4, c=7
2026-09-30 01:09:26 | [DEBUG  ] | Преобразованные значения: a=3.0, b=4.0, c=7.0
2026-09-30 01:09:26 | [WARNING] | Треугольник с такими сторонами не существует
2026-09-30 01:09:26 | [INFO   ] | Получен запрос: a=3, b=4, c=5
2026-09-30 01:09:26 | [DEBUG  ] | Преобразованные значения: a=3.0, b=4.0, c=5.0
2026-09-30 01:09:26 | [INFO   ] | Тип треугольника: разносторонний
2026-09-30 01:09:26 | [INFO   ] | Координаты вершин: [(0, 0), (5, 0), (3, 2)]
2026-09-30 01:09:26 | [INFO   ] | Получен запрос: a=6, b=7, c=8
2026-09-30 01:09:26 | [DEBUG  ] | Преобразованные значения: a=6.0, b=7.0, c=8.0
2026-09-30 01:09:26 | [INFO   ] | Тип треугольника: разносторонний
2026-09-30 01:09:26 | [INFO   ] | Координаты вершин: [(0, 0), (8, 0), (5, 5)]
2026-09-30 01:09:26 | [INFO   ] | Получен запрос: a=300, b=400, c=500
2026-09-30 01:09:26 | [DEBUG  ] | Преобразованные значения: a=300.0, b=400.0, c=500.0
2026-09-30 01:09:26 | [INFO   ] | Тип треугольника: разносторонний
2026-09-30 01:09:26 | [INFO   ] | Координаты вершин: [(0, 0), (100, 0), (64, 48)]
2026-09-30 01:09:26 | [INFO   ] | Получен запрос: a=3, b=4, c=5
2026-09-30 01:09:26 | [DEBUG  ] | Преобразованные значения: a=3.0, b=4.0, c=5.0
2026-09-30 01:09:26 | [INFO   ] | Тип треугольника: разносторонний
2026-09-30 01:09:26 | [INFO   ] | Координаты вершин: [(0, 0), (5, 0), (3, 2)]
2026-09-30 01:10:08 | [INFO   ] | Логгер успешно сконфигурирован
2026-09-30 01:10:08 | [INFO   ] | Приложение запущено
2026-09-30 01:10:08 | [INFO   ] | Получен запрос: a=3.5, b=4.5, c=5.5
2026-09-30 01:10:08 | [DEBUG  ] | Преобразованные значения: a=3.5, b=4.5, c=5.5
2026-09-30 01:10:08 | [INFO   ] | Тип треугольника: разносторонний
2026-09-30 01:10:08 | [INFO   ] | Координаты вершин: [(0, 0), (6, 0), (3, 3)]
2026-09-30 01:10:08 | [INFO   ] | Получен запрос: a=0.1, b=0.1, c=0.1
2026-09-30 01:10:08 | [DEBUG  ] | Преобразованные значения: a=0.1, b=0.1, c=0.1
2026-09-30 01:10:08 | [INFO   ] | Тип треугольника: равносторонний
2026-09-30 01:10:08 | [INFO   ] | Координаты вершин: [(0, 0), (0, 0), (0, 0)]
2026-09-30 01:10:08 | [INFO   ] | Получен запрос: a=3, b=4, c=5
2026-09-30 01:10:08 | [DEBUG  ] | Преобразованные значения: a=3.0, b=4.0, c=5.0
2026-09-30 01:10:08 | [INFO   ] | Тип треугольника: разносторонний
2026-09-30 01:10:08 | [INFO   ] | Координаты вершин: [(0, 0), (5, 0), (3, 2)]
2026-09-30 01:10:08 | [INFO   ] | Получен запрос: a=6, b=5, c=6
2026-09-30 01:10:08 | [DEBUG  ] | Преобразованные значения: a=6.0, b=5.0, c=6.0
2026-09-30 01:10:08 | [INFO   ] | Тип треугольника: равнобедренный
2026-09-30 01:10:08 | [INFO   ] | Координаты вершин: [(0, 0), (6, 0), (2, 5)]
2026-09-30 01:10:08 | [INFO   ] | Получен запрос: a=3, b=4, c=5
2026-09-30 01:10:08 | [DEBUG  ] | Преобразованные значения: a=3.0, b=4.0, c=5.0
2026-09-30 01:10:08 | [INFO   ] | Тип треугольника: разносторонний
2026-09-30 01:10:08 | [INFO   ] | Координаты вершин: [(0, 0), (5, 0), (3, 2)]
2026-09-30 01:10:08 | [INFO   ] | Получен запрос: a=5, b=5, c=5
2026-09-30 01:10:08 | [DEBUG  ] | Преобразованные значения: a=5.0, b=5.0, c=5.0
2026-09-30 01:10:08 | [INFO   ] | Тип треугольника: равносторонний
2026-09-30 01:10:08 | [INFO   ] | Координаты вершин: [(0, 0), (5, 0), (2, 4)]
2026-09-30 01:10:08 | [INFO   ] | Получен запрос: a=-3, b=4, c=5
2026-09-30 01:10:08 | [DEBUG  ] | Преобразованные значения: a=-3.0, b=4.0, c=5.0
2026-09-30 01:10:08 | [ERROR  ] | Длины сторон должны быть положительными
2026-09-30 01:10:08 | [INFO   ] | Получен запрос: a=0, b=4, c=5
2026-09-30 01:10:08 | [DEBUG  ] | Преобразованные значения: a=0.0, b=4.0, c=5.0
2026-09-30 01:10:08 | [ERROR  ] | Длины сторон должны быть положительными
2026-09-30 01:10:08 | [INFO   ] | Получен запрос: a=3, b=4, c=5
2026-09-30 01:10:08 | [DEBUG  ] | Преобразованные значения: a=3.0, b=4.0, c=5.0
2026-09-30 01:10:08 | [INFO   ] | Тип треугольника: разносторонний
2026-09-30 01:10:08 | [INFO   ] | Координаты вершин: [(0, 0), (5, 0), (3, 2)]
2026-09-30 01:10:08 | [INFO   ] | Получен запрос: a=, b=4, c=5
2026-09-30 01:10:08 | [ERROR  ] | Входные данные не являются числами
2026-09-30 01:10:08 | [INFO   ] | Получен запрос: a=abc, b=4, c=5
2026-09-30 01:10:08 | [ERROR  ] | Входные данные не являются числами
2026-09-30 01:10:08 | [INFO   ] | Получен запрос: a=3, b=abc, c=5
2026-09-30 01:10:08 | [ERROR  ] | Входные данные не являются числами
2026-09-30 01:10:08 | [INFO   ] | Получен запрос: a=3, b=4, c=abc
2026-09-30 01:10:08 | [ERROR  ] | Входные данные не являются числами
2026-09-30 01:10:08 | [INFO   ] | Получен запрос: a=5, b=5, c=6
2026-09-30 01:10:08 | [DEBUG  ] | Преобразованные значения: a=5.0, b=5.0, c=6.0
2026-09-30 01:10:08 | [INFO   ] | Тип треугольника: равнобедренный
2026-09-30 01:10:08 | [INFO   ] | Координаты вершин: [(0, 0), (6, 0), (3, 4)]
2026-09-30 01:10:08 | [INFO   ] | Получен запрос: a=1, b=2, c=5
2026-09-30 01:10:08 | [DEBUG  ] | Преобразованные значения: a=1.0, b=2.0, c=5.0
2026-09-30 01:10:08 | [WARNING] | Треугольник с такими сторонами не существует
2026-09-30 01:10:08 | [INFO   ] | Получен запрос: a=3, b=4, c=7
2026-09-30 01:10:08 | [DEBUG  ] | Преобразованные значения: a=3.0, b=4.0, c=7.0
2026-09-30 01:10:08 | [WARNING] | Треугольник с такими сторонами не существует
2026-09-30 01:10:08 | [INFO   ] | Получен запрос: a=3, b=4, c=5
2026-09-30 01:10:08 | [DEBUG  ] | Преобразованные значения: a=3.0, b=4.0, c=5.0
2026-09-30 01:10:08 | [INFO   ] | Тип треугольника: разносторонний
2026-09-30 01:10:08 | [INFO   ] | Координаты вершин: [(0, 0), (5, 0), (3, 2)]
2026-09-30 01:10:08 | [INFO   ] | Получен запрос: a=6, b=7, c=8
2026-09-30 01:10:08 | [DEBUG  ] | Преобразованные значения: a=6.0, b=7.0, c=8.0
2026-09-30 01:10:08 | [INFO   ] | Тип треугольника: разносторонний
2026-09-30 01:10:08 | [INFO   ] | Координаты вершин: [(0, 0), (8, 0), (5, 5)]
2026-09-30 01:10:08 | [INFO   ] | Получен запрос: a=300, b=400, c=500
2026-09-30 01:10:08 | [DEBUG  ] | Преобразованные значения: a=300.0, b=400.0, c=500.0
2026-09-30 01:10:08 | [INFO   ] | Тип треугольника: разносторонний
2026-09-30 01:10:08 | [INFO   ] | Координаты вершин: [(0, 0), (100, 0), (64, 48)]
2026-09-30 01:10:08 | [INFO   ] | Получен запрос: a=3, b=4, c=5
2026-09-30 01:10:08 | [DEBUG  ] | Преобразованные значения: a=3.0, b=4.0, c=5.0
2026-09-30 01:10:08 | [INFO   ] | Тип треугольника: разносторонний
2026-09-30 01:10:08 | [INFO   ] | Координаты вершин: [(0, 0), (5, 0), (3, 2)]
2026-09-30 01:13:23 | [INFO   ] | Логгер успешно сконфигурирован
2026-09-30 01:13:23 | [INFO   ] | Приложение запущено
2026-09-30 01:13:23 | [INFO   ] | Получен запрос: a=3.5, b=4.5, c=5.5
2026-09-30 01:13:23 | [DEBUG  ] | Преобразованные значения: a=3.5, b=4.5, c=5.5
2026-09-30 01:13:23 | [INFO   ] | Тип треугольника: разносторонний
2026-09-30 01:13:23 | [INFO   ] | Координаты вершин: [(0, 0), (6, 0), (3, 3)]
2026-09-30 01:13:23 | [INFO   ] | Получен запрос: a=0.1, b=0.1, c=0.1
2026-09-30 01:13:23 | [DEBUG  ] | Преобразованные значения: a=0.1, b=0.1, c=0.1
2026-09-30 01:13:23 | [INFO   ] | Тип треугольника: равносторонний
2026-09-30 01:13:23 | [INFO   ] | Координаты вершин: [(0, 0), (0, 0), (0, 0)]
2026-09-30 01:13:23 | [INFO   ] | Получен запрос: a=3, b=4, c=5
2026-09-30 01:13:23 | [DEBUG  ] | Преобразованные значения: a=3.0, b=4.0, c=5.0
2026-09-30 01:13:23 | [INFO   ] | Тип треугольника: разносторонний
2026-09-30 01:13:23 | [INFO   ] | Координаты вершин: [(0, 0), (5, 0), (3, 2)]
2026-09-30 01:13:23 | [INFO   ] | Получен запрос: a=6, b=5, c=6
2026-09-30 01:13:23 | [DEBUG  ] | Преобразованные значения: a=6.0, b=5.0, c=6.0
2026-09-30 01:13:23 | [INFO   ] | Тип треугольника: равнобедренный
2026-09-30 01:13:23 | [INFO   ] | Координаты вершин: [(0, 0), (6, 0), (2, 5)]
2026-09-30 01:13:23 | [INFO   ] | Получен запрос: a=3, b=4, c=5
2026-09-30 01:13:23 | [DEBUG  ] | Преобразованные значения: a=3.0, b=4.0, c=5.0
2026-09-30 01:13:23 | [INFO   ] | Тип треугольника: разносторонний
2026-09-30 01:13:23 | [INFO   ] | Координаты вершин: [(0, 0), (5, 0), (3, 2)]
2026-09-30 01:13:23 | [INFO   ] | Получен запрос: a=5, b=5, c=5
2026-09-30 01:13:23 | [DEBUG  ] | Преобразованные значения: a=5.0, b=5.0, c=5.0
2026-09-30 01:13:23 | [INFO   ] | Тип треугольника: равносторонний
2026-09-30 01:13:23 | [INFO   ] | Координаты вершин: [(0, 0), (5, 0), (2, 4)]
2026-09-30 01:13:23 | [INFO   ] | Получен запрос: a=-3, b=4, c=5
2026-09-30 01:13:23 | [DEBUG  ] | Преобразованные значения: a=-3.0, b=4.0, c=5.0
2026-09-30 01:13:23 | [ERROR  ] | Длины сторон должны быть положительными
2026-09-30 01:13:23 | [INFO   ] | Получен запрос: a=0, b=4, c=5
2026-09-30 01:13:23 | [DEBUG  ] | Преобразованные значения: a=0.0, b=4.0, c=5.0
2026-09-30 01:13:23 | [ERROR  ] | Длины сторон должны быть положительными
2026-09-30 01:13:23 | [INFO   ] | Получен запрос: a=3, b=4, c=5
2026-09-30 01:13:23 | [DEBUG  ] | Преобразованные значения: a=3.0, b=4.0, c=5.0
2026-09-30 01:13:23 | [INFO   ] | Тип треугольника: разносторонний
2026-09-30 01:13:23 | [INFO   ] | Координаты вершин: [(0, 0), (5, 0), (3, 2)]
2026-09-30 01:13:23 | [INFO   ] | Получен запрос: a=, b=4, c=5
2026-09-30 01:13:23 | [ERROR  ] | Входные данные не являются числами
2026-09-30 01:13:23 | [INFO   ] | Получен запрос: a=abc, b=4, c=5
2026-09-30 01:13:23 | [ERROR  ] | Входные данные не являются числами
2026-09-30 01:13:23 | [INFO   ] | Получен запрос: a=3, b=abc, c=5
2026-09-30 01:13:23 | [ERROR  ] | Входные данные не являются числами
2026-09-30 01:13:23 | [INFO   ] | Получен запрос: a=3, b=4, c=abc
2026-09-30 01:13:23 | [ERROR  ] | Входные данные не являются числами
2026-09-30 01:13:23 | [INFO   ] | Получен запрос: a=5, b=5, c=6
2026-09-30 01:13:23 | [DEBUG  ] | Преобразованные значения: a=5.0, b=5.0, c=6.0
2026-09-30 01:13:23 | [INFO   ] | Тип треугольника: равнобедренный
2026-09-30 01:13:23 | [INFO   ] | Координаты вершин: [(0, 0), (6, 0), (3, 4)]
2026-09-30 01:13:23 | [INFO   ] | Получен запрос: a=1, b=2, c=5
2026-09-30 01:13:23 | [DEBUG  ] | Преобразованные значения: a=1.0, b=2.0, c=5.0
2026-09-30 01:13:23 | [WARNING] | Треугольник с такими сторонами не существует
2026-09-30 01:13:23 | [INFO   ] | Получен запрос: a=3, b=4, c=7
2026-09-30 01:13:23 | [DEBUG  ] | Преобразованные значения: a=3.0, b=4.0, c=7.0
2026-09-30 01:13:23 | [WARNING] | Треугольник с такими сторонами не существует
2026-09-30 01:13:23 | [INFO   ] | Получен запрос: a=3, b=4, c=5
2026-09-30 01:13:23 | [DEBUG  ] | Преобразованные значения: a=3.0, b=4.0, c=5.0
2026-09-30 01:13:23 | [INFO   ] | Тип треугольника: разносторонний
2026-09-30 01:13:23 | [INFO   ] | Координаты вершин: [(0, 0), (5, 0), (3, 2)]
2026-09-30 01:13:23 | [INFO   ] | Получен запрос: a=6, b=7, c=8
2026-09-30 01:13:23 | [DEBUG  ] | Преобразованные значения: a=6.0, b=7.0, c=8.0
2026-09-30 01:13:23 | [INFO   ] | Тип треугольника: разносторонний
2026-09-30 01:13:23 | [INFO   ] | Координаты вершин: [(0, 0), (8, 0), (5, 5)]
2026-09-30 01:13:23 | [INFO   ] | Получен запрос: a=300, b=400, c=500
2026-09-30 01:13:23 | [DEBUG  ] | Преобразованные значения: a=300.0, b=400.0, c=500.0
2026-09-30 01:13:23 | [INFO   ] | Тип треугольника: разносторонний
2026-09-30 01:13:23 | [INFO   ] | Координаты вершин: [(0, 0), (100, 0), (64, 48)]
2026-09-30 01:13:23 | [INFO   ] | Получен запрос: a=3, b=4, c=5
2026-09-30 01:13:23 | [DEBUG  ] | Преобразованные значения: a=3.0, b=4.0, c=5.0
2026-09-30 01:13:23 | [INFO   ] | Тип треугольника: разносторонний
2026-09-30 01:13:23 | [INFO   ] | Координаты вершин: [(0, 0), (5, 0), (3, 2)]
2026-09-30 01:15:02 | [INFO   ] | Логгер успешно сконфигурирован
2026-09-30 01:15:02 | [INFO   ] | Приложение запущено
2026-09-30 01:15:02 | [INFO   ] | Получен запрос: a=3.5, b=4.5, c=5.5
2026-09-30 01:15:02 | [DEBUG  ] | Преобразованные значения: a=3.5, b=4.5, c=5.5
2026-09-30 01:15:02 | [INFO   ] | Тип треугольника: разносторонний
2026-09-30 01:15:02 | [INFO   ] | Координаты вершин: [(0, 0), (6, 0), (3, 3)]
2026-09-30 01:15:02 | [INFO   ] | Получен запрос: a=0.1, b=0.1, c=0.1
2026-09-30 01:15:02 | [DEBUG  ] | Преобразованные значения: a=0.1, b=0.1, c=0.1
2026-09-30 01:15:02 | [INFO   ] | Тип треугольника: равносторонний
2026-09-30 01:15:02 | [INFO   ] | Координаты вершин: [(0, 0), (0, 0), (0, 0)]
2026-09-30 01:15:02 | [INFO   ] | Получен запрос: a=3, b=4, c=5
2026-09-30 01:15:02 | [DEBUG  ] | Преобразованные значения: a=3.0, b=4.0, c=5.0
2026-09-30 01:15:02 | [INFO   ] | Тип треугольника: разносторонний
2026-09-30 01:15:02 | [INFO   ] | Координаты вершин: [(0, 0), (5, 0), (3, 2)]
2026-09-30 01:15:02 | [INFO   ] | Получен запрос: a=6, b=5, c=6
2026-09-30 01:15:02 | [DEBUG  ] | Преобразованные значения: a=6.0, b=5.0, c=6.0
2026-09-30 01:15:02 | [INFO   ] | Тип треугольника: равнобедренный
2026-09-30 01:15:02 | [INFO   ] | Координаты вершин: [(0, 0), (6, 0), (2, 5)]
2026-09-30 01:15:02 | [INFO   ] | Получен запрос: a=3, b=4, c=5
2026-09-30 01:15:02 | [DEBUG  ] | Преобразованные значения: a=3.0, b=4.0, c=5.0
2026-09-30 01:15:02 | [INFO   ] | Тип треугольника: разносторонний
2026-09-30 01:15:02 | [INFO   ] | Координаты вершин: [(0, 0), (5, 0), (3, 2)]
2026-09-30 01:15:02 | [INFO   ] | Получен запрос: a=5, b=5, c=5
2026-09-30 01:15:02 | [DEBUG  ] | Преобразованные значения: a=5.0, b=5.0, c=5.0
2026-09-30 01:15:02 | [INFO   ] | Тип треугольника: равносторонний
2026-09-30 01:15:02 | [INFO   ] | Координаты вершин: [(0, 0), (5, 0), (2, 4)]
2026-09-30 01:15:02 | [INFO   ] | Получен запрос: a=-3, b=4, c=5
2026-09-30 01:15:02 | [DEBUG  ] | Преобразованные значения: a=-3.0, b=4.0, c=5.0
2026-09-30 01:15:02 | [ERROR  ] | Длины сторон должны быть положительными
2026-09-30 01:15:02 | [INFO   ] | Получен запрос: a=0, b=4, c=5
2026-09-30 01:15:02 | [DEBUG  ] | Преобразованные значения: a=0.0, b=4.0, c=5.0
2026-09-30 01:15:02 | [ERROR  ] | Длины сторон должны быть положительными
2026-09-30 01:15:02 | [INFO   ] | Получен запрос: a=3, b=4, c=5
2026-09-30 01:15:02 | [DEBUG  ] | Преобразованные значения: a=3.0, b=4.0, c=5.0
2026-09-30 01:15:02 | [INFO   ] | Тип треугольника: разносторонний
2026-09-30 01:15:02 | [INFO   ] | Координаты вершин: [(0, 0), (5, 0), (3, 2)]
2026-09-30 01:15:02 | [INFO   ] | Получен запрос: a=, b=4, c=5
2026-09-30 01:15:02 | [ERROR  ] | Входные данные не являются числами
2026-09-30 01:15:02 | [INFO   ] | Получен запрос: a=abc, b=4, c=5
2026-09-30 01:15:02 | [ERROR  ] | Входные данные не являются числами
2026-09-30 01:15:02 | [INFO   ] | Получен запрос: a=3, b=abc, c=5
2026-09-30 01:15:02 | [ERROR  ] | Входные данные не являются числами
2026-09-30 01:15:02 | [INFO   ] | Получен запрос: a=3, b=4, c=abc
2026-09-30 01:15:02 | [ERROR  ] | Входные данные не являются числами
2026-09-30 01:15:02 | [INFO   ] | Получен запрос: a=5, b=5, c=6
2026-09-30 01:15:02 | [DEBUG  ] | Преобразованные значения: a=5.0, b=5.0, c=6.0
2026-09-30 01:15:02 | [INFO   ] | Тип треугольника: равнобедренный
2026-09-30 01:15:02 | [INFO   ] | Координаты вершин: [(0, 0), (6, 0), (3, 4)]
2026-09-30 01:15:02 | [INFO   ] | Получен запрос: a=1, b=2, c=5
2026-09-30 01:15:02 | [DEBUG  ] | Преобразованные значения: a=1.0, b=2.0, c=5.0
2026-09-30 01:15:02 | [WARNING] | Треугольник с такими сторонами не существует
2026-09-30 01:15:02 | [INFO   ] | Получен запрос: a=3, b=4, c=7
2026-09-30 01:15:02 | [DEBUG  ] | Преобразованные значения: a=3.0, b=4.0, c=7.0
2026-09-30 01:15:02 | [WARNING] | Треугольник с такими сторонами не существует
2026-09-30 01:15:02 | [INFO   ] | Получен запрос: a=3, b=4, c=5
2026-09-30 01:15:02 | [DEBUG  ] | Преобразованные значения: a=3.0, b=4.0, c=5.0
2026-09-30 01:15:02 | [INFO   ] | Тип треугольника: разносторонний
2026-09-30 01:15:02 | [INFO   ] | Координаты вершин: [(0, 0), (5, 0), (3, 2)]
2026-09-30 01:15:02 | [INFO   ] | Получен запрос: a=6, b=7, c=8
2026-09-30 01:15:02 | [DEBUG  ] | Преобразованные значения: a=6.0, b=7.0, c=8.0
2026-09-30 01:15:02 | [INFO   ] | Тип треугольника: разносторонний
2026-09-30 01:15:02 | [INFO   ] | Координаты вершин: [(0, 0), (8, 0), (5, 5)]
2026-09-30 01:15:02 | [INFO   ] | Получен запрос: a=300, b=400, c=500
2026-09-30 01:15:02 | [DEBUG  ] | Преобразованные значения: a=300.0, b=400.0, c=500.0
2026-09-30 01:15:02 | [INFO   ] | Тип треугольника: разносторонний
2026-09-30 01:15:02 | [INFO   ] | Координаты вершин: [(0, 0), (100, 0), (64, 48)]
2026-09-30 01:15:02 | [INFO   ] | Получен запрос: a=3, b=4, c=5
2026-09-30 01:15:02 | [DEBUG  ] | Преобразованные значения: a=3.0, b=4.0, c=5.0
2026-09-30 01:15:02 | [INFO   ] | Тип треугольника: разносторонний
2026-09-30 01:15:02 | [INFO   ] | Координаты вершин: [(0, 0), (5, 0), (3, 2)]
