2026-09-30 00:44:47 | [INFO   ] | Логгер успешно сконфигурирован
2026-09-30 00:44:47 | [INFO   ] | Приложение запущено
2026-09-30 00:44:47 | [INFO   ] | Программа запущена
2026-09-30 00:44:49 | [INFO   ] | Получен запрос: a=5, b=5, c=5
2026-09-30 00:44:49 | [DEBUG  ] | Преобразованные значения: a=5.0, b=5.0, c=5.0
2026-09-30 00:44:49 | [INFO   ] | Тип треугольника: равносторонний
2026-09-30 00:44:49 | [INFO   ] | Координаты вершин: [(0, 0), (5, 0), (2, 4)]
2026-09-30 00:44:49 | [INFO   ] | Запрос успешно обработан: тип=равносторонний, координаты=[(0, 0), (5, 0), (2, 4)]
2026-09-30 00:44:56 | [INFO   ] | Логгер успешно сконфигурирован
2026-09-30 00:44:56 | [INFO   ] | Приложение запущено
2026-09-30 00:44:56 | [INFO   ] | Программа запущена
2026-09-30 00:44:58 | [INFO   ] | Получен запрос: a=5, b=4, c=3
2026-09-30 00:44:58 | [DEBUG  ] | Преобразованные значения: a=5.0, b=4.0, c=3.0
2026-09-30 00:44:58 | [INFO   ] | Тип треугольника: разносторонний
2026-09-30 00:44:58 | [INFO   ] | Координаты вершин: [(0, 0), (3, 0), (0, 4)]
2026-09-30 00:44:58 | [INFO   ] | Запрос успешно обработан: тип=разносторонний, координаты=[(0, 0), (3, 0), (0, 4)]
2026-09-30 00:45:16 | [INFO   ] | Логгер успешно сконфигурирован
2026-09-30 00:45:16 | [INFO   ] | Приложение запущено
2026-09-30 00:45:16 | [INFO   ] | Программа запущена
2026-09-30 00:45:23 | [INFO   ] | Получен запрос: a=5, b=4, c=10
2026-09-30 00:45:23 | [DEBUG  ] | Преобразованные значения: a=5.0, b=4.0, c=10.0
2026-09-30 00:45:23 | [WARNING] | Треугольник с такими сторонами не существует
2026-09-30 00:45:23 | [INFO   ] | Запрос успешно обработан: тип=не треугольник, координаты=[(-1, -1), (-1, -1), (-1, -1)]
2026-09-30 00:45:32 | [INFO   ] | Логгер успешно сконфигурирован
2026-09-30 00:45:32 | [INFO   ] | Приложение запущено
2026-09-30 00:45:32 | [INFO   ] | Программа запущена
2026-09-30 00:45:36 | [INFO   ] | Получен запрос: a=5, b=с, c=1
2026-09-30 00:45:36 | [ERROR  ] | Входные данные не являются числами
2026-09-30 00:45:36 | [INFO   ] | Запрос успешно обработан: тип=, координаты=[(-2, -2), (-2, -2), (-2, -2)]
