2026-09-15 20:57:26 | [INFO   ] | Программа запущена
2026-09-15 20:57:34 | [INFO   ] | Получен запрос: a=5, b=7, c=2
2026-09-15 20:57:34 | [DEBUG  ] | Преобразованные значения: a=5.0, b=7.0, c=2.0
2026-09-15 20:57:34 | [WARNING] | Треугольник с такими сторонами не существует
2026-09-15 20:57:34 | [INFO   ] | Запрос успешно обработан: тип=не треугольник, координаты=[(-1, -1), (-1, -1), (-1, -1)]
2026-09-15 20:57:52 | [INFO   ] | Программа запущена
2026-09-15 20:57:56 | [INFO   ] | Получен запрос: a=5, b=7, c=3
2026-09-15 20:57:56 | [DEBUG  ] | Преобразованные значения: a=5.0, b=7.0, c=3.0
2026-09-15 20:57:56 | [INFO   ] | Тип треугольника: разносторонний
2026-09-15 20:57:56 | [INFO   ] | Координаты вершин: [(0, 0), (3, 0), (6, 4)]
2026-09-15 20:57:56 | [INFO   ] | Запрос успешно обработан: тип=разносторонний, координаты=[(0, 0), (3, 0), (6, 4)]
2026-09-15 20:58:12 | [INFO   ] | Программа запущена
2026-09-15 20:58:15 | [INFO   ] | Получен запрос: a=3, b=3, c=3
2026-09-15 20:58:15 | [DEBUG  ] | Преобразованные значения: a=3.0, b=3.0, c=3.0
2026-09-15 20:58:15 | [INFO   ] | Тип треугольника: равносторонний
2026-09-15 20:58:15 | [INFO   ] | Координаты вершин: [(0, 0), (3, 0), (2, 3)]
2026-09-15 20:58:15 | [INFO   ] | Запрос успешно обработан: тип=равносторонний, координаты=[(0, 0), (3, 0), (2, 3)]
2026-09-15 21:03:22 | [INFO   ] | Логгер успешно сконфигурирован
2026-09-15 21:03:22 | [INFO   ] | Приложение запущено
2026-09-15 21:03:22 | [INFO   ] | Программа запущена
2026-09-15 21:03:33 | [INFO   ] | Получен запрос: a=a, b=b, c=c
2026-09-15 21:03:33 | [ERROR  ] | Входные данные не являются числами
2026-09-15 21:03:33 | [INFO   ] | Запрос успешно обработан: тип=, координаты=[(-2, -2), (-2, -2), (-2, -2)]
